09-26 12:44:19.135  4386  4386 W NotificationCenter: NotificationCenter$NotificationQueue.notifyPendingNotificationsOnExecutor():877 Heavy notify work detected on UI thread: [kig->khc, kig->fro, kig->ilu, kig->ilu, kig->ilu, kig->ilu, kig->ilu, kig->ilu, kig->ilu, kig->ilu, kig->gkl, kig->ilu, kig->jvb, kig->lux, kig->ilu, kig->fef, kig->ilu, kig->fcb, kig->ilu, kig->ijm, kig->imt, kig->ilu, kig->jnx, kig->khg, kig->ilu] takes 86ms
09-26 12:44:19.135  4192  4192 D BaseDepthController: setSurface:
09-26 12:44:19.135  4192  4192 D BaseDepthController: 	mWaitingOnSurfaceValidity: false
09-26 12:44:19.135  4192  4192 D BaseDepthController: 	mBaseSurface: null
09-26 12:44:19.135  4192  4192 D BaseDepthController: mSurface is null and mCurrentBlur is: 0
09-26 12:44:19.139  9726 17656 I GoogleRestoreServiceConnectionManager: Unbinding from #Intent;action=com.google.android.apps.photos.backup.apiservice.PHOTOS_BACKUP_SERVICE;package=com.google.android.apps.photos;end
09-26 12:44:19.148  4192  4192 D StateManager: goToState - fromState: Normal, toState: Normal, partial trace:
09-26 12:44:19.148  4192  4192 D StateManager: 	at com.android.launcher3.statemanager.StateManager.moveToRestState(go/retraceme 72a59688580715d19f0e415c69e80376c2f062d1648c80db6730905005a27c20:4)
09-26 12:44:19.148  4192  4192 D StateManager: 	at com.android.launcher3.statemanager.StateManager.moveToRestState(go/retraceme 72a59688580715d19f0e415c69e80376c2f062d1648c80db6730905005a27c20:1)
09-26 12:44:19.148  4192  4192 D StateManager: 	at com.android.launcher3.statemanager.StatefulActivity.onStop(go/retraceme 72a59688580715d19f0e415c69e80376c2f062d1648c80db6730905005a27c20:34)
09-26 12:44:19.149  4192  4192 D StatsLog: LAUNCHER_ONSTOP
09-26 12:44:19.152  4192  4192 D StatsLog: LAUNCHER_GOOGLE_SEARCH_RESTORE_LIST_SIZE_AFTER_ACTIVITY_RESTART
09-26 12:44:19.156  4386  4386 I GoogleInputMethodService: GoogleInputMethodService.onStartInput():1293 onStartInput(EditorInfo{EditorInfo{packageName=com.google.android.gms, inputType=0, inputTypeString=NULL, enableLearning=false, autoCorrection=false, autoComplete=false, imeOptions=0, privateImeOptions=null, actionName=UNSPECIFIED, actionLabel=null, initialSelStart=-1, initialSelEnd=-1, initialCapsMode=0, label=null, fieldId=0, fieldName=null, extras=null, hintText=null, hintLocales=[]}}, false)
09-26 12:44:19.182  9726 17656 I GoogleRestorePhotosBackupConnectionManager: API call response Success(null)
09-26 12:44:19.195  1410  1928 I HWUI    : Davey! duration=1496ms; Flags=0, FrameTimelineVsyncId=248547, IntendedVsync=15665620854848, Vsync=15665637521514, InputEventId=0, HandleInputStart=15665642197500, AnimationStart=15665642226200, PerformTraversalsStart=15665642542000, DrawStart=15665642615600, FrameDeadline=15665637521514, FrameStartTime=15665642182100, FrameInterval=16666666, WorkloadTarget=16666666, SyncQueued=15665654792600, SyncStart=15665665233000, IssueDrawCommandsStart=15665665418000, SwapBuffers=15666302415900, FrameCompleted=15667127716200, DequeueBufferDuration=28900, QueueBufferDuration=383800, GpuCompleted=15667127716200, SwapBuffersCompleted=15666759635500, DisplayPresentTime=0, CommandSubmissionCompleted=15666302415900,
09-26 12:44:19.243  9726  9792 I GoogleRestorePhotosBackupApiServiceImpl: called getPhotosBackupSettings
09-26 12:44:19.244  9726 17656 I GoogleRestoreServiceConnectionManager: Binding to #Intent;action=com.google.android.apps.photos.backup.apiservice.PHOTOS_BACKUP_SERVICE;package=com.google.android.apps.photos;end
09-26 12:44:19.287  4386  4386 I Module  : DeviceLockedStatusModuleProvider$Module.updateDeviceLockedStatus():100 repeatCheckTimes = 1, locked = false
09-26 12:44:19.287  4386  4386 W NotificationCenter: NotificationCenter$NotificationQueue.notifyPendingNotificationsOnExecutor():877 Heavy notify work detected on UI thread: [kig->khc, kig->fro, kig->ilu, kig->ilu, kig->ilu, kig->ilu, kig->ilu, kig->ilu, kig->ilu, kig->ilu, kig->gkl, kig->ilu, kig->jvb, kig->lux, kig->ilu, kig->fef, kig->ilu, kig->fcb, kig->ilu, kig->ijm, kig->imt, kig->ilu, kig->jnx, kig->khg, kig->ilu] takes 61ms
09-26 12:44:19.340   857  1309 D InetDiagMessage: Destroyed 0 sockets, proto=IPPROTO_TCP, family=AF_INET, states=14
09-26 12:44:19.341   857  1309 D InetDiagMessage: Destroyed 0 sockets, proto=IPPROTO_TCP, family=AF_INET6, states=14
09-26 12:44:19.341   857  1309 D InetDiagMessage: Destroyed live tcp sockets for uids={10200} in 1ms
09-26 12:44:19.344  4386  4386 W NotificationCenter: NotificationCenter$NotificationQueue.notifyPendingNotificationsOnExecutor():877 Heavy notify work detected on UI thread: [kig->jjs] takes 57ms
09-26 12:44:19.403  9726  9726 I GoogleRestoreServiceConnectionManager: onServiceConnected: ComponentInfo{com.google.android.apps.photos/com.google.android.apps.photos.backup.apiservice.PhotosBackupApiService}
09-26 12:44:19.543  9726 17656 I GoogleRestoreServiceConnectionManager: Unbinding from #Intent;action=com.google.android.apps.photos.backup.apiservice.PHOTOS_BACKUP_SERVICE;package=com.google.android.apps.photos;end
09-26 12:44:19.557 17638 17703 D UiDevice: Searching for node with selector: BySelector [PKG='\Qcom.android.settings\E'].
09-26 12:44:19.574  9726 17656 I GoogleRestorePhotosBackupConnectionManager: API call response Success(null)
09-26 12:44:19.603  8671 17742 I FSAPI   : (REDACTED) %s completed request (took %d ms): %s
09-26 12:44:19.625  7274 17732 I FeatureStatusObserverIn: (REDACTED) gathered %s/%s features in %s
09-26 12:44:19.759 17638 17703 D UiDevice: Searching for node with selector: BySelector [PKG='\Qcom.android.settings\E'].
09-26 12:44:19.776  1410  1928 I HWUI    : Davey! duration=1354ms; Flags=0, FrameTimelineVsyncId=248561, IntendedVsync=15665670854846, Vsync=15666770854802, InputEventId=0, HandleInputStart=15666781500100, AnimationStart=15666781558100, PerformTraversalsStart=15666782025800, DrawStart=15666782092600, FrameDeadline=15667420854776, FrameStartTime=15666781081500, FrameInterval=16666666, WorkloadTarget=16666666, SyncQueued=15666800322000, SyncStart=15667447117500, IssueDrawCommandsStart=15667447325000, SwapBuffers=15667557844700, FrameCompleted=15667671901100, DequeueBufferDuration=790500, QueueBufferDuration=8734000, GpuCompleted=15667671901100, SwapBuffersCompleted=15667642951700, DisplayPresentTime=0, CommandSubmissionCompleted=15667557844700,
09-26 12:44:19.885 17638 17703 D UiDevice: Searching for node with selector: BySelector [PKG='\Qcom.android.settings\E'].
09-26 12:44:20.008 17638 17703 D UiDevice: Searching for node with selector: BySelector [PKG='\Qcom.android.settings\E'].
09-26 12:44:20.132 17638 17703 D UiDevice: Searching for node with selector: BySelector [PKG='\Qcom.android.settings\E'].
09-26 12:44:20.253 17638 17703 D UiDevice: Searching for node with selector: BySelector [PKG='\Qcom.android.settings\E'].
09-26 12:44:20.378 17638 17703 D UiDevice: Searching for node with selector: BySelector [PKG='\Qcom.android.settings\E'].
09-26 12:44:20.505 17638 17703 D UiDevice: Searching for node with selector: BySelector [PKG='\Qcom.android.settings\E'].
09-26 12:44:20.627 17638 17703 D UiDevice: Searching for node with selector: BySelector [PKG='\Qcom.android.settings\E'].
09-26 12:44:20.802 17638 17703 D UiDevice: Searching for node with selector: BySelector [PKG='\Qcom.android.settings\E'].
09-26 12:44:20.820   857  3262 D WifiNl80211Manager: Scan result ready event
09-26 12:44:20.847   857  3262 D WifiNative: Scan result ready event
09-26 12:44:20.903  6497  6564 I WifiScanner: onFullResults
09-26 12:44:20.973   857  1301 I HalDevMgr: bestIfaceCreationProposal is null, requestIface=STA, existingIface=[name=wlan0 type=STA]
09-26 12:44:20.979 17638 17703 D UiDevice: Searching for node with selector: BySelector [PKG='\Qcom.android.settings\E'].
09-26 12:44:21.121 17638 17703 D UiDevice: Searching for node with selector: BySelector [PKG='\Qcom.android.settings\E'].
09-26 12:44:21.245 17638 17703 D UiDevice: Searching for node with selector: BySelector [PKG='\Qcom.android.settings\E'].
09-26 12:44:21.373 17638 17703 D UiDevice: Searching for node with selector: BySelector [PKG='\Qcom.android.settings\E'].
09-26 12:44:22.050  6497 13837 I AlarmManager: setExactAndAllowWhileIdle [name: GCM_HB_ALARM type: 2 triggerAtMillis: 16570261]
09-26 12:44:22.061  6497 13837 I AlarmManager: setExactAndAllowWhileIdle [name: GCM_HB_ALARM type: 2 triggerAtMillis: 16570272]
09-26 12:44:23.995   857  1309 D InetDiagMessage: Destroyed 0 sockets, proto=IPPROTO_TCP, family=AF_INET, states=14
09-26 12:44:23.996   857  1309 D InetDiagMessage: Destroyed 0 sockets, proto=IPPROTO_TCP, family=AF_INET6, states=14
09-26 12:44:23.996   857  1309 D InetDiagMessage: Destroyed live tcp sockets for uids={10100} in 1ms
09-26 12:44:23.997   857  1309 D InetDiagMessage: Destroyed 0 sockets, proto=IPPROTO_TCP, family=AF_INET, states=14
09-26 12:44:23.998   857  1309 D InetDiagMessage: Destroyed 0 sockets, proto=IPPROTO_TCP, family=AF_INET6, states=14
09-26 12:44:23.999   857  1309 D InetDiagMessage: Destroyed live tcp sockets for uids={10131} in 3ms
09-26 12:44:24.597  1588  1896 D SatelliteController: iisInCarrierRoamingNbIotNtn: satellite is disabled
09-26 12:44:24.598   857  1309 D InetDiagMessage: Destroyed 0 sockets, proto=IPPROTO_TCP, family=AF_INET, states=14
09-26 12:44:24.598   857  1309 D InetDiagMessage: Destroyed 0 sockets, proto=IPPROTO_TCP, family=AF_INET6, states=14
09-26 12:44:24.598   857  1309 D InetDiagMessage: Destroyed live tcp sockets for uids={10169} in 0ms
09-26 12:44:24.606   857  1309 D InetDiagMessage: Destroyed 0 sockets, proto=IPPROTO_TCP, family=AF_INET, states=14
09-26 12:44:24.607   857  1309 D InetDiagMessage: Destroyed 0 sockets, proto=IPPROTO_TCP, family=AF_INET6, states=14
09-26 12:44:24.607   857  1309 D InetDiagMessage: Destroyed live tcp sockets for uids={20169} in 8ms
09-26 12:44:27.385   706   938 I BpBinder: onLastStrongRef automatically unlinking death recipients:
09-26 12:44:27.561   706   706 I BpBinder: onLastStrongRef automatically unlinking death recipients:
09-26 12:44:27.574  7274  7274 I GoogleSettingsChimeraAc: stopped visibility updater [CONTEXT service_id=349 ]
09-26 12:44:28.148  5816  5816 D BatteryBroadcastRcvr: updateBatteryStatus: action=android.intent.action.BATTERY_CHANGED
09-26 12:44:28.184  5816  5816 D BatteryBroadcastRcvr: Battery changed: level: 100%| status: Charged| chargingStatus: 0| health: 2
09-26 12:44:28.193  5816  5816 D TopLvBatteryPrefControl: onBatteryChanged: type=0
09-26 12:44:28.242  5816  5816 D DashboardFragment: register observer: @68fcbbb, uri: content://com.google.android.gms.settings.persistent/getGoogleSettingsTitle
09-26 12:44:28.243  5816  5816 D DashboardFragment: register observer: @8eee8d8, uri: content://com.google.android.gms.settings.persistent/getGoogleSettingsSummary
09-26 12:44:28.246  5816  5816 D DashboardFragment: register observer: @75ab04a, uri: content://com.google.android.apps.wellbeing.api/digitalWellbeingSummary
09-26 12:44:28.467  5816  5816 D TopLvBatteryPrefControl: getDashboardLabel: null batteryStatusUpdate=true
09-26 12:44:28.475   857  3262 D TelephonyManager: requestModemActivityInfo: Sending result to app: ModemActivityInfo{ mTimestamp=15676656 mSleepTimeMs=2184 mIdleTimeMs=728 mActivityStatsTechSpecificInfo=[{mRat=UNKNOWN,mFrequencyRange=UNKNOWN,mTxTimeMs[]=[52, 156, 312, 416, 468],mRxTimeMs=468}]}
09-26 12:44:28.538   857  1483 D FileUtils: Rounded bytes from 6770102272 to 8000000000
09-26 12:44:28.560  5816  5816 I Choreographer: Skipped 54 frames!  The application may be doing too much work on its main thread.
09-26 12:44:28.640  5816 17752 W TileUtils: Found com.google.intelligence.sense.ambientmusic.DefaultMusicPlayerSettingActivity for intent Intent { act=com.android.settings.action.IA_SETTINGS } missing metadata
09-26 12:44:28.640  5816 17752 W TileUtils: Found com.google.android.gms.auth.proximity.multidevice.SettingsMaterialNextActivity for intent Intent { act=com.android.settings.action.IA_SETTINGS } missing metadata
09-26 12:44:28.758   857  3262 D TelephonyManager: requestModemActivityInfo: Sending result to app: ModemActivityInfo{ mTimestamp=15676955 mSleepTimeMs=2226 mIdleTimeMs=742 mActivityStatsTechSpecificInfo=[{mRat=UNKNOWN,mFrequencyRange=UNKNOWN,mTxTimeMs[]=[53, 159, 318, 424, 477],mRxTimeMs=477}]}
09-26 12:44:28.766  5816  7040 I EGL_emulation: Opening libGLESv1_CM_emulation.so
09-26 12:44:28.779  5816  7040 I EGL_emulation: Opening libGLESv2_emulation.so
09-26 12:44:28.818  5816  7040 W HWUI    : Failed to choose config with EGL_SWAP_BEHAVIOR_PRESERVED, retrying without...
09-26 12:44:28.818  5816  7040 W HWUI    : Failed to initialize 101010-2 format, error = EGL_SUCCESS
09-26 12:44:29.011  5816 13978 D BatteryInfo: time for getStats: 0ms
09-26 12:44:29.027  5816 13978 D BatteryInfo: time for regular BatteryInfo: 13ms
09-26 12:44:29.027  5816 13978 D BatteryInfo: chargingPolicy = 0, pluggedStatus = 0, batteryStatus = 4
09-26 12:44:29.028  5816 13978 D BatteryInfo: time for getBatteryInfo: 1ms
09-26 12:44:29.597   857  1309 D InetDiagMessage: Destroyed 0 sockets, proto=IPPROTO_TCP, family=AF_INET, states=14
09-26 12:44:29.599   857  1309 D InetDiagMessage: Destroyed 0 sockets, proto=IPPROTO_TCP, family=AF_INET6, states=14
09-26 12:44:29.599   857  1309 D InetDiagMessage: Destroyed live tcp sockets for uids={10169} in 3ms
09-26 12:44:29.728  5816  7104 E SurfaceSyncGroup: Failed to receive transaction ready in 1000ms. Marking SurfaceSyncGroup(wmsSync-VRI[Settings]#36) as ready
09-26 12:44:29.735  5816  7104 E SurfaceSyncGroup: Failed to receive transaction ready in 1000ms. Marking SurfaceSyncGroup(VRI[Settings]#37) as ready
09-26 12:44:30.643  7274  7274 W WindowOnBackDispatcher: sendCancelIfRunning: isInProgress=false callback=android.app.Activity$$ExternalSyntheticLambda0@8f0a2e0
09-26 12:44:30.844  7274  7274 D ViewRootImpl: Skipping stats log for color mode
09-26 12:44:30.856   857  1483 I ImeTracker: system_server:4b0d75dd: onRequestHide at ORIGIN_SERVER reason IME_REQUESTED_CHANGED_LISTENER fromUser false
09-26 12:44:30.856   857   883 I ImeTracker: system_server:4b0d75dd: onCancelled at PHASE_SERVER_SHOULD_HIDE
09-26 12:44:31.654   857  1309 D InetDiagMessage: Destroyed 0 sockets, proto=IPPROTO_TCP, family=AF_INET, states=14
09-26 12:44:31.655   857  1309 D InetDiagMessage: Destroyed 0 sockets, proto=IPPROTO_TCP, family=AF_INET6, states=14
09-26 12:44:31.659   857  1309 D InetDiagMessage: Destroyed live tcp sockets for uids={10139} in 5ms
09-26 12:44:31.660   857  1309 D InetDiagMessage: Destroyed 0 sockets, proto=IPPROTO_TCP, family=AF_INET, states=14
09-26 12:44:31.660   857  1309 D InetDiagMessage: Destroyed 0 sockets, proto=IPPROTO_TCP, family=AF_INET6, states=14
09-26 12:44:31.665   857  1309 D InetDiagMessage: Destroyed live tcp sockets for uids={20139} in 5ms
09-26 12:44:31.684  5816  5816 D BatteryBroadcastRcvr: updateBatteryStatus: action=android.intent.action.BATTERY_CHANGED
09-26 12:44:31.685  5816  5816 D BatteryBroadcastRcvr: Battery changed: level: 100%| status: Charged| chargingStatus: 0| health: 2
09-26 12:44:31.689  5816  5895 D ContextualSuggestFrag: Start loading suggestions
09-26 12:44:31.747  5816  5816 I Choreographer: Skipped 190 frames!  The application may be doing too much work on its main thread.
09-26 12:44:31.766  8976  8985 W MetricsFeatureProvider: Invalid suggestion ids!!! ids is null or empty. Please check.
09-26 12:44:31.767  5816  5895 D ContextualSuggestFrag: Loaded suggests: 0
09-26 12:44:31.828  5816  5827 I HWUI    : Davey! duration=3892ms; Flags=1, FrameTimelineVsyncId=249288, IntendedVsync=15675870854438, Vsync=15676770854402, InputEventId=0, HandleInputStart=15676777675500, AnimationStart=15676777752300, PerformTraversalsStart=15676777790000, DrawStart=15678451668400, FrameDeadline=15675887521104, FrameStartTime=15676771987600, FrameInterval=16666666, WorkloadTarget=16666666, SyncQueued=15678547992100, SyncStart=15678693706300, IssueDrawCommandsStart=15678695477000, SwapBuffers=15679890336800, FrameCompleted=15679909122600, DequeueBufferDuration=32800, QueueBufferDuration=819400, GpuCompleted=15679909122600, SwapBuffersCompleted=15679893229000, DisplayPresentTime=0, CommandSubmissionCompleted=15679890336800,
09-26 12:44:31.877  5816  5816 I ndroid.settings: AssetManager2(0x7525e0c45318) locale list changing from [] to [en-US]
09-26 12:44:31.888  5816  5816 D ActivityEmbeddingUtils: isSettingsSplitSupported = false
09-26 12:44:31.893  5816  5816 D ActivityEmbeddingUtils: isSettingsSplitSupported = false
09-26 12:44:31.893  5816  5816 D TopLevelSettings: Start waiting observers
09-26 12:44:31.944  5816  5816 D TopLevelSettings: Stop waiting observers
09-26 12:44:31.946  5816  5827 I HWUI    : Davey! duration=3247ms; Flags=0, FrameTimelineVsyncId=249359, IntendedVsync=15676787521068, Vsync=15679954187608, InputEventId=0, HandleInputStart=15679960349400, AnimationStart=15679960373300, PerformTraversalsStart=15679960799900, DrawStart=15679962825200, FrameDeadline=15679937520942, FrameStartTime=15679958986400, FrameInterval=16666666, WorkloadTarget=16666666, SyncQueued=15679983425600, SyncStart=15679984576400, IssueDrawCommandsStart=15679984942500, SwapBuffers=15679986607100, FrameCompleted=15680036415100, DequeueBufferDuration=139400, QueueBufferDuration=516200, GpuCompleted=15680036415100, SwapBuffersCompleted=15679995925100, DisplayPresentTime=0, CommandSubmissionCompleted=15679986607100,
09-26 12:44:31.948  5816  5816 D TopLvBatteryPrefControl: getBatteryInfo: com.android.settings.fuelgauge.BatteryInfo@8fd821b
09-26 12:44:31.948  5816  5816 D TopLvBatteryPrefControl: getDashboardLabel: null batteryStatusUpdate=true
09-26 12:44:31.952  5816  5816 D BatteryInfo: time for callback: 5ms
09-26 12:44:32.103  6497  6524 I GoogleSettingsEntryCont: Falling back to the UI process [CONTEXT service_id=349 ]
09-26 12:44:32.112  6497  6564 I GoogleSettingsEntryCont: Falling back to the UI process [CONTEXT service_id=349 ]
09-26 12:44:32.116  6497  6506 I GoogleSettingsEntryCont: Falling back to the UI process [CONTEXT service_id=349 ]
09-26 12:44:32.182   857  1055 I ImeTracker: com.android.settings:4137f759: onRequestHide at ORIGIN_SERVER reason HIDE_UNSPECIFIED_WINDOW fromUser false
09-26 12:44:32.191  4386  4386 I GoogleInputMethodService: GoogleInputMethodService.onFinishInput():2043
09-26 12:44:32.196  4386  4386 I Module  : DeviceLockedStatusModuleProvider$Module.updateDeviceLockedStatus():100 repeatCheckTimes = 0, locked = false
09-26 12:44:32.205  4386  4386 I GoogleInputMethodService: GoogleInputMethodService.onStartInput():1293 onStartInput(EditorInfo{EditorInfo{packageName=com.android.settings, inputType=0, inputTypeString=NULL, enableLearning=false, autoCorrection=false, autoComplete=false, imeOptions=0, privateImeOptions=null, actionName=UNSPECIFIED, actionLabel=null, initialSelStart=-1, initialSelEnd=-1, initialCapsMode=0, label=null, fieldId=0, fieldName=null, extras=null, hintText=null, hintLocales=[]}}, false)
09-26 12:44:32.205   857  1481 I ImeTracker: system_server:ad00f75c: onRequestHide at ORIGIN_SERVER reason IME_REQUESTED_CHANGED_LISTENER fromUser false
09-26 12:44:32.231  4386  4386 I Module  : DeviceLockedStatusModuleProvider$Module.updateDeviceLockedStatus():100 repeatCheckTimes = 1, locked = false
09-26 12:44:32.240   857   883 I ImeTracker: system_server:ad00f75c: onCancelled at PHASE_SERVER_SHOULD_HIDE
09-26 12:44:32.258  4386  4386 W NotificationCenter: NotificationCenter$NotificationQueue.notifyPendingNotificationsOnExecutor():877 Heavy notify work detected on UI thread: [kig->jjs] takes 27ms
09-26 12:44:32.824  5816  5816 D ContextualSuggestFrag: Remove suggestion
09-26 12:44:32.824  5816  5816 D ContextualSuggestFrag: Total loading time: 1136 ms
09-26 12:44:32.834  5816  5816 I SettingsHomepageActivity: showHomepageWithSuggestion: false
09-26 12:44:32.875  5816  5816 D InsetsController: hide(ime(), fromIme=false)
09-26 12:44:32.879  5816  5816 I ImeTracker: com.android.settings:4137f759: onCancelled at PHASE_CLIENT_ALREADY_HIDDEN
09-26 12:44:32.885  5816  5816 I Choreographer: Skipped 39 frames!  The application may be doing too much work on its main thread.
09-26 12:44:32.911   857  1483 W ParceledListSlice: Element #66 is 146520 bytes.
09-26 12:44:32.911   857  1483 W ParceledListSlice: Overly large reply size: 191992
09-26 12:44:32.920   857  1483 W ParceledListSlice: Element #139 is 64568 bytes.
09-26 12:44:32.920   857  1483 W ParceledListSlice: Overly large reply size: 109708
09-26 12:44:32.928   857  1483 W ParceledListSlice: Element #190 is 24804 bytes.
09-26 12:44:32.928   857  1483 W ParceledListSlice: Overly large reply size: 86056
09-26 12:44:32.937   857  1483 W ParceledListSlice: Element #219 is 31228 bytes.
09-26 12:44:32.937   857  1483 W ParceledListSlice: Element #229 is 16864 bytes.
09-26 12:44:32.982  5816  9693 I HWUI    : Davey! duration=1111ms; Flags=0, FrameTimelineVsyncId=249672, IntendedVsync=15679970854274, Vsync=15680387520924, InputEventId=0, HandleInputStart=15680395434800, AnimationStart=15680395464500, PerformTraversalsStart=15680395498600, DrawStart=15681027815100, FrameDeadline=15680054187604, FrameStartTime=15680394363200, FrameInterval=16666666, WorkloadTarget=16666666, SyncQueued=15681034036000, SyncStart=15681034297900, IssueDrawCommandsStart=15681034924300, SwapBuffers=15681036517700, FrameCompleted=15681082340600, DequeueBufferDuration=23800, QueueBufferDuration=2905900, GpuCompleted=15681082200900, SwapBuffersCompleted=15681082340600, DisplayPresentTime=0, CommandSubmissionCompleted=15681036517700,
09-26 12:44:33.399  5816  9693 I HWUI    : Davey! duration=1050ms; Flags=0, FrameTimelineVsyncId=249699, IntendedVsync=15680437520922, Vsync=15681087520896, InputEventId=0, HandleInputStart=15681097789400, AnimationStart=15681097838300, PerformTraversalsStart=15681106628200, DrawStart=15681474918000, FrameDeadline=15681104187562, FrameStartTime=15681097372000, FrameInterval=16666666, WorkloadTarget=16666666, SyncQueued=15681476997000, SyncStart=15681477073800, IssueDrawCommandsStart=15681477794600, SwapBuffers=15681479799900, FrameCompleted=15681487981300, DequeueBufferDuration=27200, QueueBufferDuration=2593700, GpuCompleted=15681487803300, SwapBuffersCompleted=15681487981300, DisplayPresentTime=0, CommandSubmissionCompleted=15681479799900,
09-26 12:44:33.437  5816  5816 I ndroid.settings: AssetManager2(0x7525e0c6e038) locale list changing from [] to [en-US]
09-26 12:44:33.465  5816  5816 I Choreographer: Skipped 34 frames!  The application may be doing too much work on its main thread.
09-26 12:44:33.731  5816  9693 I HWUI    : Davey! duration=741ms; Flags=0, FrameTimelineVsyncId=249731, IntendedVsync=15681104187562, Vsync=15681670854206, InputEventId=0, HandleInputStart=15681679192000, AnimationStart=15681679643400, PerformTraversalsStart=15681684027300, DrawStart=15681820388000, FrameDeadline=15681520854212, FrameStartTime=15681676482100, FrameInterval=16666666, WorkloadTarget=16666666, SyncQueued=15681823361400, SyncStart=15681824648500, IssueDrawCommandsStart=15681825104400, SwapBuffers=15681839252700, FrameCompleted=15681846611300, DequeueBufferDuration=24400, QueueBufferDuration=421200, GpuCompleted=15681846611300, SwapBuffersCompleted=15681840931000, DisplayPresentTime=0, CommandSubmissionCompleted=15681839252700,
09-26 12:44:33.738 17638 17703 I QueryController: Matched selector: UiSelector[INSTANCE=0, RESOURCE_ID=android:id/title] <<==>> [android.view.accessibility.AccessibilityNodeInfo@d292e; boundsInParent: Rect(0, 0 - 167, 71); boundsInScreen: Rect(210, 357 - 377, 428); boundsInWindow: Rect(210, 357 - 377, 428); packageName: com.android.settings; className: android.widget.TextView; text: Google; error: null; maxTextLength: -1; stateDescription: null; contentDescription: null; tooltipText: null; containerTitle: null; viewIdResName: android:id/title; uniqueId: null; checkable: false; checked: false; focusable: false; focused: false; selected: false; clickable: false; longClickable: false; contextClickable: false; enabled: true; password: false; scrollable: false; granularScrollingSupported: false; importantForAccessibility: true; visible: true; actions: [AccessibilityAction: ACTION_SELECT - null, AccessibilityAction: ACTION_CLEAR_SELECTION - null, AccessibilityAction: ACTION_ACCESSIBILITY_FOCUS - null, AccessibilityAction: ACTION_NEXT_AT_MOVEMENT_GRANULARITY - null, AccessibilityAction: ACTION_PREVIOUS_AT_MOVEMENT_GRANULARITY - null, AccessibilityAction: ACTION_SET_SELECTION - null, AccessibilityAction: ACTION_SHOW_ON_SCREEN - null]; isTextSelectable: false]
09-26 12:44:33.955  8671  8671 D BoundBrokerSvc: onUnbind: Intent { act=com.google.android.gms.audit.service.START dat=chimera-action:/... xflg=0x4 cmp=com.google.android.gms/.chimera.GmsBoundBrokerService }
09-26 12:44:33.991 17638 17703 D UiObject: Clicking on (293, 392).
09-26 12:44:34.026   857   883 W IPCThreadState: Sending oneway calls to frozen process.
09-26 12:44:34.027   857   883 W IPCThreadState: Sending oneway calls to frozen process.
09-26 12:44:34.032   857   883 W IPCThreadState: Sending oneway calls to frozen process.
09-26 12:44:34.034   857   883 W IPCThreadState: Sending oneway calls to frozen process.
09-26 12:44:34.039   857   883 W IPCThreadState: Sending oneway calls to frozen process.
09-26 12:44:34.040   857   883 W IPCThreadState: Sending oneway calls to frozen process.
09-26 12:44:34.041   857   883 W IPCThreadState: Sending oneway calls to frozen process.
09-26 12:44:34.041   857   883 W IPCThreadState: Sending oneway calls to frozen process.
09-26 12:44:34.042   857   883 W IPCThreadState: Sending oneway calls to frozen process.
09-26 12:44:34.042   857   883 W IPCThreadState: Sending oneway calls to frozen process.
09-26 12:44:34.042   857   883 W IPCThreadState: Sending oneway calls to frozen process.
09-26 12:44:34.043   857   883 W IPCThreadState: Sending oneway calls to frozen process.
09-26 12:44:34.043   857   883 W IPCThreadState: Sending oneway calls to frozen process.
09-26 12:44:34.043   857   883 W IPCThreadState: Sending oneway calls to frozen process.
09-26 12:44:34.043   857   883 W IPCThreadState: Sending oneway calls to frozen process.
09-26 12:44:34.043   857   883 W IPCThreadState: Sending oneway calls to frozen process.
09-26 12:44:34.044   857   883 W IPCThreadState: Sending oneway calls to frozen process.
09-26 12:44:34.044   857   883 W IPCThreadState: Sending oneway calls to frozen process.
09-26 12:44:34.044   857   883 W IPCThreadState: Sending oneway calls to frozen process.
09-26 12:44:34.050   857   883 W IPCThreadState: Sending oneway calls to frozen process.
09-26 12:44:34.051   857   883 W IPCThreadState: Sending oneway calls to frozen process.
09-26 12:44:34.052   857   883 W IPCThreadState: Sending oneway calls to frozen process.
09-26 12:44:34.053   857   883 W IPCThreadState: Sending oneway calls to frozen process.
09-26 12:44:34.054   857   883 W IPCThreadState: Sending oneway calls to frozen process.
09-26 12:44:34.059   857   883 W IPCThreadState: Sending oneway calls to frozen process.
09-26 12:44:34.060   857   883 W IPCThreadState: Sending oneway calls to frozen process.
09-26 12:44:34.081   857   883 W IPCThreadState: Sending oneway calls to frozen process.
09-26 12:44:34.081   857   883 W IPCThreadState: Sending oneway calls to frozen process.
09-26 12:44:34.081   857   883 W IPCThreadState: Sending oneway calls to frozen process.
09-26 12:44:34.081   857   883 W IPCThreadState: Sending oneway calls to frozen process.
09-26 12:44:34.089   857   883 W IPCThreadState: Sending oneway calls to frozen process.
09-26 12:44:34.089   857   883 W IPCThreadState: Sending oneway calls to frozen process.
09-26 12:44:34.090   857   883 W IPCThreadState: Sending oneway calls to frozen process.
09-26 12:44:34.096   857   883 W IPCThreadState: Sending oneway calls to frozen process.
09-26 12:44:34.096   857   883 W IPCThreadState: Sending oneway calls to frozen process.
09-26 12:44:34.099   857   883 W IPCThreadState: Sending oneway calls to frozen process.
09-26 12:44:34.100   857   883 W IPCThreadState: Sending oneway calls to frozen process.
09-26 12:44:34.100   857   883 W IPCThreadState: Sending oneway calls to frozen process.
09-26 12:44:34.100   857   883 W IPCThreadState: Sending oneway calls to frozen process.
09-26 12:44:34.101   857   883 W IPCThreadState: Sending oneway calls to frozen process.
09-26 12:44:34.101   857   883 W IPCThreadState: Sending oneway calls to frozen process.
09-26 12:44:34.585  1588  1896 D SatelliteController: iisInCarrierRoamingNbIotNtn: satellite is disabled
09-26 12:44:34.687  5816  5816 D ActivityEmbeddingUtils: isSettingsSplitSupported = false
09-26 12:44:34.931   706   832 I BpBinder: onLastStrongRef automatically unlinking death recipients:
09-26 12:44:34.960  7274  8016 I EGL_emulation: Opening libGLESv1_CM_emulation.so
09-26 12:44:34.977   857  1293 W AS.PlaybackActivityMon: No piid assigned for invalid/internal port id 15
09-26 12:44:34.992  7274  8016 I EGL_emulation: Opening libGLESv2_emulation.so
09-26 12:44:34.992   706   706 I BpBinder: onLastStrongRef automatically unlinking death recipients:
09-26 12:44:35.079  7274  8016 W HWUI    : Failed to choose config with EGL_SWAP_BEHAVIOR_PRESERVED, retrying without...
09-26 12:44:35.080  7274  8016 W HWUI    : Failed to initialize 101010-2 format, error = EGL_SUCCESS
09-26 12:44:35.265   701   802 D AudioFlinger: mixer(0x7c1ef369f770) throttle end: throttle time(43)
09-26 12:44:35.530  7274  7274 W GmsActivityProxy: Error binding root VE for GoogleSettingsActivity [CONTEXT service_id=264 ]
09-26 12:44:35.530  7274  7274 W GmsActivityProxy: java.lang.IllegalStateException: com.google.android.gms.googlesettings.ui.GoogleSettingsChimeraActivity is missing a @GmsCoreVeId annotation.
09-26 12:44:35.530  7274  7274 W GmsActivityProxy: 	at augj.onCreate(:com.google.android.gms@252635038@25.26.35 (260800-783060121):19)
09-26 12:44:35.530  7274  7274 W GmsActivityProxy: 	at android.app.Activity.performCreate(Activity.java:9155)
09-26 12:44:35.530  7274  7274 W GmsActivityProxy: 	at android.app.Activity.performCreate(Activity.java:9133)
09-26 12:44:35.530  7274  7274 W GmsActivityProxy: 	at android.app.Instrumentation.callActivityOnCreate(Instrumentation.java:1521)
09-26 12:44:35.530  7274  7274 W GmsActivityProxy: 	at android.app.ActivityThread.performLaunchActivity(ActivityThread.java:4262)
09-26 12:44:35.530  7274  7274 W GmsActivityProxy: 	at android.app.ActivityThread.handleLaunchActivity(ActivityThread.java:4467)
09-26 12:44:35.530  7274  7274 W GmsActivityProxy: 	at android.app.servertransaction.LaunchActivityItem.execute(LaunchActivityItem.java:222)
09-26 12:44:35.530  7274  7274 W GmsActivityProxy: 	at android.app.servertransaction.TransactionExecutor.executeNonLifecycleItem(TransactionExecutor.java:133)
09-26 12:44:35.530  7274  7274 W GmsActivityProxy: 	at android.app.servertransaction.TransactionExecutor.executeTransactionItems(TransactionExecutor.java:103)
09-26 12:44:35.530  7274  7274 W GmsActivityProxy: 	at android.app.servertransaction.TransactionExecutor.execute(TransactionExecutor.java:80)
09-26 12:44:35.530  7274  7274 W GmsActivityProxy: 	at android.app.ActivityThread$H.handleMessage(ActivityThread.java:2823)
09-26 12:44:35.530  7274  7274 W GmsActivityProxy: 	at android.os.Handler.dispatchMessage(Handler.java:110)
09-26 12:44:35.530  7274  7274 W GmsActivityProxy: 	at android.os.Looper.loopOnce(Looper.java:248)
09-26 12:44:35.530  7274  7274 W GmsActivityProxy: 	at android.os.Looper.loop(Looper.java:338)
09-26 12:44:35.530  7274  7274 W GmsActivityProxy: 	at android.app.ActivityThread.main(ActivityThread.java:9067)
09-26 12:44:35.530  7274  7274 W GmsActivityProxy: 	at java.lang.reflect.Method.invoke(Native Method)
09-26 12:44:35.530  7274  7274 W GmsActivityProxy: 	at com.android.internal.os.RuntimeInit$MethodAndArgsCaller.run(RuntimeInit.java:593)
09-26 12:44:35.530  7274  7274 W GmsActivityProxy: 	at com.android.internal.os.ZygoteInit.main(ZygoteInit.java:932)
09-26 12:44:35.544  7274  7274 I ContentCaptureHelper: Setting logging level to OFF
09-26 12:44:35.547  7274  7274 I GoogleSettingsChimeraAc: observer already started [CONTEXT service_id=349 ]
09-26 12:44:35.548  7274  7274 I GoogleSettingsChimeraAc: started visibility updater [CONTEXT service_id=349 ]
09-26 12:44:35.601  7274 17758 W GoogleAuthProviderImpl: Account was not set.
09-26 12:44:35.611  5816  5827 I HWUI    : Davey! duration=843ms; Flags=0, FrameTimelineVsyncId=249810, IntendedVsync=15682637520834, Vsync=15682970854154, InputEventId=0, HandleInputStart=15682987696900, AnimationStart=15682987728500, PerformTraversalsStart=15682987779700, DrawStart=15682987876600, FrameDeadline=15683187520812, FrameStartTime=15682986975500, FrameInterval=16666666, WorkloadTarget=16666666, SyncQueued=15682991395500, SyncStart=15683007802200, IssueDrawCommandsStart=15683008094800, SwapBuffers=15683083055300, FrameCompleted=15683497220500, DequeueBufferDuration=335642900, QueueBufferDuration=323400, GpuCompleted=15683469990100, SwapBuffersCompleted=15683497220500, DisplayPresentTime=0, CommandSubmissionCompleted=15683083055300,
09-26 12:44:35.836 17638 17703 I TestRunner: finished: testInternetSettings(ru.netology.testing.uiautomator.ChangeTextTest)
