09-26 12:44:08.275 17638 17703 I TestRunner: started: testInternetSettings(ru.netology.testing.uiautomator.ChangeTextTest)
09-26 12:44:08.332 17638 17703 I UiDevice: Creating a new instance, old instance exists: false
09-26 12:44:08.354 17638 17703 I UiAutomation: Initialized for user 0 on display 0
09-26 12:44:08.431  4711 10778 I AiAiEcho: Settings changed for uri: content://settings/secure/accessibility_enabled
09-26 12:44:08.591   857   857 W IPCThreadState: Sending oneway calls to frozen process.
09-26 12:44:08.591   857   857 W IPCThreadState: Sending oneway calls to frozen process.
09-26 12:44:08.591   857   857 W IPCThreadState: Sending oneway calls to frozen process.
09-26 12:44:08.592   857   857 W IPCThreadState: Sending oneway calls to frozen process.
09-26 12:44:08.594   857   857 W IPCThreadState: Sending oneway calls to frozen process.
09-26 12:44:08.598   857   857 W IPCThreadState: Sending oneway calls to frozen process.
09-26 12:44:08.599   857   857 W IPCThreadState: Sending oneway calls to frozen process.
09-26 12:44:08.608   857   857 W IPCThreadState: Sending oneway calls to frozen process.
09-26 12:44:08.608   857   857 W IPCThreadState: Sending oneway calls to frozen process.
09-26 12:44:08.618 17638 17703 D UiDevice: Setting accessibility service flags: 65618
09-26 12:44:08.621   857   857 W IPCThreadState: Sending oneway calls to frozen process.
09-26 12:44:08.675 17714 17714 W dumpsys : Thread Pool max thread count is 0. Cannot cache binder as linkToDeath cannot be implemented. serviceName: activity
09-26 12:44:08.681  4711  4782 I AiAiEcho: Predicting[0]:  [CONTEXT sampling_count=5 ]
09-26 12:44:08.695  4711  4782 I AiAiEcho: EchoTargets:
09-26 12:44:08.695  4711  4782 I AiAiEcho: Filtered by AiAi flag check:
09-26 12:44:08.695  4711  4782 I AiAiEcho: [CONTEXT ratelimit_period="10 SECONDS" ]
09-26 12:44:08.770  4711  4782 I AiAiEcho: #remoteViewsTwiddler: feature disabled.
09-26 12:44:08.800  4711  4782 I AiAiEcho: Predicting[0]:  [CONTEXT sampling_count=5 ]
09-26 12:44:08.800  4711  4782 I AiAiEcho: EchoTargets:
09-26 12:44:08.800  4711  4782 I AiAiEcho: Filtered by AiAi flag check:
09-26 12:44:08.800  4711  4782 I AiAiEcho: [CONTEXT ratelimit_period="10 SECONDS" ]
09-26 12:44:08.801  4711  4782 I AiAiEcho: #remoteViewsTwiddler: feature disabled.
09-26 12:44:08.819   857   857 W IPCThreadState: Sending oneway calls to frozen process.
09-26 12:44:08.819   857   857 W IPCThreadState: Sending oneway calls to frozen process.
09-26 12:44:08.820   857   857 W IPCThreadState: Sending oneway calls to frozen process.
09-26 12:44:08.820   857   857 W IPCThreadState: Sending oneway calls to frozen process.
09-26 12:44:08.830  9069  9231 I alhi    : NGA disabled due to not being eligible.
09-26 12:44:08.841   857   857 W IPCThreadState: Sending oneway calls to frozen process.
09-26 12:44:08.845   857   857 W IPCThreadState: Sending oneway calls to frozen process.
09-26 12:44:08.846   857   857 W IPCThreadState: Sending oneway calls to frozen process.
09-26 12:44:08.848  4711  4782 I AiAiEcho: #postPredictionTargets: Sending updates to UISurface lockscreen with targets# 0 (types=[])
09-26 12:44:08.858   857   857 W IPCThreadState: Sending oneway calls to frozen process.
09-26 12:44:08.859   857   857 W IPCThreadState: Sending oneway calls to frozen process.
09-26 12:44:08.868   857   857 W IPCThreadState: Sending oneway calls to frozen process.
09-26 12:44:08.951   857   857 W IPCThreadState: Sending oneway calls to frozen process.
09-26 12:44:08.951   857   857 W IPCThreadState: Sending oneway calls to frozen process.
09-26 12:44:08.952   857   857 W IPCThreadState: Sending oneway calls to frozen process.
09-26 12:44:08.952   857   857 W IPCThreadState: Sending oneway calls to frozen process.
09-26 12:44:08.952  4711  4782 I AiAiEcho: #postPredictionTargets: Sending updates to UISurface home with targets# 0 (types=[])
09-26 12:44:08.955   857   857 W IPCThreadState: Sending oneway calls to frozen process.
09-26 12:44:08.996  4192  4192 D SsBaseTemplateCard: No text view can be set up
09-26 12:44:09.024  4192  4192 D SsBaseTemplateCard: Passed-in item info is null
09-26 12:44:09.043  4192  4192 D SsBaseTemplateCard: Passed-in item info is null
09-26 12:44:09.043  4192  4192 D SsBaseTemplateCard: Passed-in item info is null
09-26 12:44:09.043  4192  4192 I SsBaseTemplateCard: Secondary card pane is null
09-26 12:44:09.050  4711 10778 I AiAiEcho: Settings changed for uri: content://settings/secure/accessibility_enabled
09-26 12:44:09.059  4711  4782 I AiAiEcho: Predicting[0]:  [CONTEXT sampling_count=5 ]
09-26 12:44:09.060  4711  4782 I AiAiEcho: EchoTargets:
09-26 12:44:09.060  4711  4782 I AiAiEcho: Filtered by AiAi flag check:
09-26 12:44:09.060  4711  4782 I AiAiEcho: [CONTEXT ratelimit_period="10 SECONDS" ]
09-26 12:44:09.062  4711  4782 I AiAiEcho: #remoteViewsTwiddler: feature disabled.
09-26 12:44:09.062  4711  4782 I AiAiEcho: Predicting[0]:  [CONTEXT sampling_count=5 ]
09-26 12:44:09.062  4711  4782 I AiAiEcho: EchoTargets:
09-26 12:44:09.062  4711  4782 I AiAiEcho: Filtered by AiAi flag check:
09-26 12:44:09.062  4711  4782 I AiAiEcho: [CONTEXT ratelimit_period="10 SECONDS" ]
09-26 12:44:09.063  4711  4782 I AiAiEcho: #remoteViewsTwiddler: feature disabled.
09-26 12:44:09.065  4711  4782 I AiAiEcho: #postPredictionTargets: Sending updates to UISurface lockscreen with targets# 0 (types=[])
09-26 12:44:09.065  4711  4782 I AiAiEcho: #postPredictionTargets: Sending updates to UISurface home with targets# 0 (types=[])
09-26 12:44:09.123  4192  4192 D SsBaseTemplateCard: No text view can be set up
09-26 12:44:09.124  4192  4192 D SsBaseTemplateCard: Passed-in item info is null
09-26 12:44:09.124  4192  4192 D SsBaseTemplateCard: Passed-in item info is null
09-26 12:44:09.140  4192  4192 D SsBaseTemplateCard: Passed-in item info is null
09-26 12:44:09.140  4192  4192 I SsBaseTemplateCard: Secondary card pane is null
09-26 12:44:09.283  4728  6193 D AccessibilitySourceService: enabled a11y services count 0
09-26 12:44:09.291  4728  6193 D AccessibilitySourceService: a11y source sending 0 issue to sc
09-26 12:44:09.307   857  2221 D SafetySourceDataValidat: No cert check requested for package com.google.android.permissioncontroller
09-26 12:44:09.469  1410  1410 W PageIndicator: Total number of pages invalid: 0. Assuming 1 page.
09-26 12:44:09.478  1410  1410 W PageIndicator: Total number of pages invalid: 0. Assuming 1 page.
09-26 12:44:09.515 17719 17719 W dumpsys : Thread Pool max thread count is 0. Cannot cache binder as linkToDeath cannot be implemented. serviceName: activity
09-26 12:44:09.557 17638 17703 D UiDevice: Pressing home button.
09-26 12:44:09.820   857   867 I system_server: Background young concurrent copying GC freed 39MB AllocSpace bytes, 42(1664KB) LOS objects, 39% free, 36MB/60MB, paused 55.983ms,723us total 1.032s
09-26 12:44:10.044   857   881 V GrammaticalInflectionUtils: AttributionSource: android.content.AttributionSource@bb5bfcff does not have READ_SYSTEM_GRAMMATICAL_GENDER permission.
09-26 12:44:10.047 17723 17723 W dumpsys : Thread Pool max thread count is 0. Cannot cache binder as linkToDeath cannot be implemented. serviceName: activity
09-26 12:44:10.065  1410  3503 D KeyguardService: setOccluded(false)
09-26 12:44:10.065  1410  3503 D KeyguardViewMediator: setOccluded(false)
09-26 12:44:10.077  4192  4192 W SplitSelectStateCtor: Missing session instanceIds
09-26 12:44:10.077  4192  4192 D StatsLog: LAUNCHER_SPLIT_SELECTION_EXIT_INTERRUPTED
09-26 12:44:10.079  4192  4192 D TFOManager: playPanelCloseAnimation() duration=200 traceTag=LauncherOverlay-hide isHomeButtonTap=true
09-26 12:44:10.079  4192  4192 D TFOManager: Skipped creating panel close animation because -1 is invisible.
09-26 12:44:10.079  4192  4192 D OverviewCommandHelper: clearing pending commands: []
09-26 12:44:10.088  4192  4192 D StatsLog: LAUNCHER_ONRESUME
09-26 12:44:10.123  1410  1410 I vol.VolumeDialogImpl: mDialog.dismiss() reason: volume_controller from: com.android.systemui.volume.VolumeDialogImpl$7.onDismissRequested:3
09-26 12:44:10.129 15034 13700 V studio.transport: Daemon handling command (id:203 type:STOP_TRACKING_FOREGROUND_PROCESS) for pid:0.
09-26 12:44:10.146  1410  1410 D KeyguardViewMediator: handleSetOccluded(false)
09-26 12:44:10.147  1410  1410 D KeyguardViewMediator: KeyguardViewMediator queue processing message: SET_OCCLUDED
09-26 12:44:10.246   706   722 I BpBinder: onLastStrongRef automatically unlinking death recipients:
09-26 12:44:10.334   857   883 W IPCThreadState: Sending oneway calls to frozen process.
09-26 12:44:10.336   857   883 W IPCThreadState: Sending oneway calls to frozen process.
09-26 12:44:10.336   857   883 W IPCThreadState: Sending oneway calls to frozen process.
09-26 12:44:10.351   857   883 W IPCThreadState: Sending oneway calls to frozen process.
09-26 12:44:10.366   857   883 W IPCThreadState: Sending oneway calls to frozen process.
09-26 12:44:10.366   857   883 W IPCThreadState: Sending oneway calls to frozen process.
09-26 12:44:10.368   857   883 W IPCThreadState: Sending oneway calls to frozen process.
09-26 12:44:10.375   857   883 W IPCThreadState: Sending oneway calls to frozen process.
09-26 12:44:10.384   857   883 W IPCThreadState: Sending oneway calls to frozen process.
09-26 12:44:10.394   857   883 W IPCThreadState: Sending oneway calls to frozen process.
09-26 12:44:10.402   857   883 W IPCThreadState: Sending oneway calls to frozen process.
09-26 12:44:10.403   857   883 W IPCThreadState: Sending oneway calls to frozen process.
09-26 12:44:10.404   857   883 W IPCThreadState: Sending oneway calls to frozen process.
09-26 12:44:10.408  4192  4192 I NotificationListener: Handling notification state refresh for com.android.systemui#0
09-26 12:44:10.412   857   883 W IPCThreadState: Sending oneway calls to frozen process.
09-26 12:44:10.420   857   883 W IPCThreadState: Sending oneway calls to frozen process.
09-26 12:44:10.423  4192  4295 D QuickstepModelDelegate: notifyAppTargetEvent action=1 launchLocation=workspace/0/[-1,-1]/[1,1]
09-26 12:44:10.423   857   883 W IPCThreadState: Sending oneway calls to frozen process.
09-26 12:44:10.423   857   883 W IPCThreadState: Sending oneway calls to frozen process.
09-26 12:44:10.425   857   883 W IPCThreadState: Sending oneway calls to frozen process.
09-26 12:44:10.425   857   883 W IPCThreadState: Sending oneway calls to frozen process.
09-26 12:44:10.425   857   883 W IPCThreadState: Sending oneway calls to frozen process.
09-26 12:44:10.437   857   883 W IPCThreadState: Sending oneway calls to frozen process.
09-26 12:44:10.442   857   883 W IPCThreadState: Sending oneway calls to frozen process.
09-26 12:44:10.442   857   883 W IPCThreadState: Sending oneway calls to frozen process.
09-26 12:44:10.442   857   883 W IPCThreadState: Sending oneway calls to frozen process.
09-26 12:44:10.443   857   883 W IPCThreadState: Sending oneway calls to frozen process.
09-26 12:44:10.443   857   883 W IPCThreadState: Sending oneway calls to frozen process.
09-26 12:44:10.446   857   883 W IPCThreadState: Sending oneway calls to frozen process.
09-26 12:44:10.446   857   883 W IPCThreadState: Sending oneway calls to frozen process.
09-26 12:44:10.447   857   883 W IPCThreadState: Sending oneway calls to frozen process.
09-26 12:44:10.448   857   883 W IPCThreadState: Sending oneway calls to frozen process.
09-26 12:44:10.455   857   883 W IPCThreadState: Sending oneway calls to frozen process.
09-26 12:44:10.457   857   883 W IPCThreadState: Sending oneway calls to frozen process.
09-26 12:44:10.505  8671  8671 D BoundBrokerSvc: onUnbind: Intent { act=com.google.android.gms.feedback.internal.IFeedbackService dat=chimera-action:/... xflg=0x4 cmp=com.google.android.gms/.chimera.GmsBoundBrokerService }
09-26 12:44:10.627  4711  4782 I AiAiEcho: Predicting[0]:  [CONTEXT sampling_count=5 ]
09-26 12:44:10.634  4711  4782 I AiAiEcho: EchoTargets:
09-26 12:44:10.634  4711  4782 I AiAiEcho: Filtered by AiAi flag check:
09-26 12:44:10.634  4711  4782 I AiAiEcho: [CONTEXT ratelimit_period="10 SECONDS" ]
09-26 12:44:10.636  4711  4782 I AiAiEcho: #remoteViewsTwiddler: feature disabled.
09-26 12:44:10.747  4711  4782 I AiAiEcho: #postPredictionTargets: Sending updates to UISurface home with targets# 0 (types=[])
09-26 12:44:10.757  4192  4192 D SsBaseTemplateCard: No text view can be set up
09-26 12:44:10.758  4192  4192 D SsBaseTemplateCard: Passed-in item info is null
09-26 12:44:10.758  4192  4192 D SsBaseTemplateCard: Passed-in item info is null
09-26 12:44:10.758  4192  4192 D SsBaseTemplateCard: Passed-in item info is null
09-26 12:44:10.758  4192  4192 I SsBaseTemplateCard: Secondary card pane is null
09-26 12:44:10.904   857  1309 D InetDiagMessage: Destroyed 0 sockets, proto=IPPROTO_TCP, family=AF_INET, states=14
09-26 12:44:10.915   857  1309 D InetDiagMessage: Destroyed 0 sockets, proto=IPPROTO_TCP, family=AF_INET6, states=14
09-26 12:44:10.918   857  1309 D InetDiagMessage: Destroyed live tcp sockets for uids={10169} in 15ms
09-26 12:44:10.918   857  1309 D InetDiagMessage: Destroyed 0 sockets, proto=IPPROTO_TCP, family=AF_INET, states=14
09-26 12:44:10.920   857  1309 D InetDiagMessage: Destroyed 0 sockets, proto=IPPROTO_TCP, family=AF_INET6, states=14
09-26 12:44:10.920   857  1309 D InetDiagMessage: Destroyed live tcp sockets for uids={20169} in 2ms
09-26 12:44:11.139 17638 17703 W InteractionController: Timed out waiting 1000ms for command and events.
09-26 12:44:11.202 17638 17703 D UiDevice: Waiting 5000ms for SearchCondition[hasObject=BySelector [PKG='\Qcom.android.settings\E']].
09-26 12:44:11.202 17638 17703 D UiDevice: Searching for node with selector: BySelector [PKG='\Qcom.android.settings\E'].
09-26 12:44:11.455   857  1309 D InetDiagMessage: Destroyed 0 sockets, proto=IPPROTO_TCP, family=AF_INET, states=14
09-26 12:44:11.463   857  1309 D InetDiagMessage: Destroyed 0 sockets, proto=IPPROTO_TCP, family=AF_INET6, states=14
09-26 12:44:11.465   857  1309 D InetDiagMessage: Destroyed live tcp sockets for uids={10131} in 32ms
09-26 12:44:11.470  4845  4845 W JobService: onNetworkChanged() not implemented in com.android.providers.downloads.DownloadJobService. Must override in a subclass.
09-26 12:44:11.475   857  1309 D InetDiagMessage: Destroyed 0 sockets, proto=IPPROTO_TCP, family=AF_INET, states=14
09-26 12:44:11.489   857  1309 D InetDiagMessage: Destroyed 0 sockets, proto=IPPROTO_TCP, family=AF_INET6, states=14
09-26 12:44:11.507   857  1309 D InetDiagMessage: Destroyed live tcp sockets for uids={20131} in 39ms
09-26 12:44:11.676 17638 17703 D UiDevice: Searching for node with selector: BySelector [PKG='\Qcom.android.settings\E'].
09-26 12:44:11.855 17638 17703 D UiDevice: Searching for node with selector: BySelector [PKG='\Qcom.android.settings\E'].
09-26 12:44:12.019 17638 17703 D UiDevice: Searching for node with selector: BySelector [PKG='\Qcom.android.settings\E'].
09-26 12:44:12.174 17638 17703 D UiDevice: Searching for node with selector: BySelector [PKG='\Qcom.android.settings\E'].
09-26 12:44:12.319 17638 17703 D UiDevice: Searching for node with selector: BySelector [PKG='\Qcom.android.settings\E'].
09-26 12:44:12.531 17638 17703 D UiDevice: Searching for node with selector: BySelector [PKG='\Qcom.android.settings\E'].
09-26 12:44:12.686 17638 17703 D UiDevice: Searching for node with selector: BySelector [PKG='\Qcom.android.settings\E'].
09-26 12:44:12.862 17638 17703 D UiDevice: Searching for node with selector: BySelector [PKG='\Qcom.android.settings\E'].
09-26 12:44:13.034 17638 17703 D UiDevice: Searching for node with selector: BySelector [PKG='\Qcom.android.settings\E'].
09-26 12:44:13.229 17638 17703 D UiDevice: Searching for node with selector: BySelector [PKG='\Qcom.android.settings\E'].
09-26 12:44:13.399 17638 17703 D UiDevice: Searching for node with selector: BySelector [PKG='\Qcom.android.settings\E'].
09-26 12:44:13.555  4845 17684 W DownloadManager: [27] Stop requested with status HTTP_DATA_ERROR: Failed reading response: javax.net.ssl.SSLProtocolException: Read error: ssl=0x752580c13618: Failure in SSL library, usually a protocol error
09-26 12:44:13.555  4845 17684 W DownloadManager: error:1e000065:Cipher functions:OPENSSL_internal:BAD_DECRYPT (external/boringssl/src/crypto/fipsmodule/cipher/e_aes.cc.inc:838 0x7524c8e48f9b:0x00000000)
09-26 12:44:13.555  4845 17684 W DownloadManager: error:1000008b:SSL routines:OPENSSL_internal:DECRYPTION_FAILED_OR_BAD_RECORD_MAC (external/boringssl/src/ssl/tls_record.cc:188 0x7524c8e48f9b:0x00000000)
09-26 12:44:13.566  4845 17684 D DownloadManager: [27] Finished with status CANNOT_RESUME
09-26 12:44:13.570 17638 17703 D UiDevice: Searching for node with selector: BySelector [PKG='\Qcom.android.settings\E'].
09-26 12:44:13.643   857  1309 D InetDiagMessage: Destroyed 2 sockets, proto=IPPROTO_TCP, family=AF_INET, states=14
09-26 12:44:13.647   857  1309 D InetDiagMessage: Destroyed 0 sockets, proto=IPPROTO_TCP, family=AF_INET6, states=14
09-26 12:44:13.647   857  1309 D InetDiagMessage: Destroyed live tcp sockets for uids={10145} in 8ms
09-26 12:44:13.737  5953  5953 D ConfigUpdater: UpdateRequestReceiver constructed with Config: com.google.android.configupdater.CertPin.CertPinConfig@796bbb3, StoredState: com.google.android.configupdater.StoredState@7d0a570, DownloadManagerHelper: com.google.android.configupdater.DownloadManagerHelper@adec0e9, FlagHelper: com.google.android.configupdater.GservicesHelper@cd5516e
09-26 12:44:13.738  5953  5953 D ConfigUpdater: Setting up preferences for StoredState, Downloader, and FlagHelper
09-26 12:44:13.738  5953  5953 D ConfigUpdater: Setting up DownloadManagerHelper
09-26 12:44:13.738  5953  5953 D ConfigUpdater: Loaded SharedPreferences: CertPinDownloads
09-26 12:44:13.739  5953  5953 D ConfigUpdater: Using Lollipop+ download directory: /data/user/0/com.google.android.configupdater/files/downloads
09-26 12:44:13.739  5953  5953 D ConfigUpdater: Got DownloadManager service
09-26 12:44:13.739  5953  5953 D ConfigUpdater: Is wearable device: false
09-26 12:44:13.739  5953  5953 D ConfigUpdater: Received intent with action: android.intent.action.DOWNLOAD_COMPLETE
09-26 12:44:13.739  5953  5953 D ConfigUpdater: Handling download completed intent
09-26 12:44:13.739  5953  5953 D ConfigUpdater: Checking content download complete: downloadId=27
09-26 12:44:13.739  5953  5953 D ConfigUpdater: Checking metadata download complete: downloadId= 27
09-26 12:44:13.754  5953  5953 D ConfigUpdater: UpdateRequestReceiver constructed with Config: com.google.android.configupdater.IntentFirewall.IntentFirewallConfig@df2a89c, StoredState: com.google.android.configupdater.StoredState@45982a5, DownloadManagerHelper: com.google.android.configupdater.DownloadManagerHelper@89167a, FlagHelper: com.google.android.configupdater.GservicesHelper@b93ee2b
09-26 12:44:13.754  5953  5953 D ConfigUpdater: Setting up preferences for StoredState, Downloader, and FlagHelper
09-26 12:44:13.754  5953  5953 D ConfigUpdater: Setting up DownloadManagerHelper
09-26 12:44:13.754  5953  5953 D ConfigUpdater: Loaded SharedPreferences: IntentFirewallDownload
09-26 12:44:13.754  5953  5953 D ConfigUpdater: Using Lollipop+ download directory: /data/user/0/com.google.android.configupdater/files/downloads
09-26 12:44:13.754  5953  5953 D ConfigUpdater: Got DownloadManager service
09-26 12:44:13.754  5953  5953 D ConfigUpdater: Is wearable device: false
09-26 12:44:13.754  5953  5953 D ConfigUpdater: Received intent with action: android.intent.action.DOWNLOAD_COMPLETE
09-26 12:44:13.754  5953  5953 D ConfigUpdater: Handling download completed intent
09-26 12:44:13.754  5953  5953 D ConfigUpdater: Checking content download complete: downloadId=27
09-26 12:44:13.754  5953  5953 D ConfigUpdater: Checking metadata download complete: downloadId= 27
09-26 12:44:13.762  4845  4845 W JobService: onNetworkChanged() not implemented in com.android.providers.downloads.DownloadJobService. Must override in a subclass.
09-26 12:44:13.775  5953  5953 D ConfigUpdater: UpdateRequestReceiver constructed with Config: com.google.android.configupdater.SmsShortCodes.SmsShortCodesConfig@e04a421, StoredState: com.google.android.configupdater.StoredState@4822046, DownloadManagerHelper: com.google.android.configupdater.DownloadManagerHelper@d614207, FlagHelper: com.google.android.configupdater.GservicesHelper@cf16f34
09-26 12:44:13.775  5953  5953 D ConfigUpdater: Setting up preferences for StoredState, Downloader, and FlagHelper
09-26 12:44:13.775  5953  5953 D ConfigUpdater: Setting up DownloadManagerHelper
09-26 12:44:13.775  5953  5953 D ConfigUpdater: Loaded SharedPreferences: SmsShortCodesDownload
09-26 12:44:13.775  5953  5953 D ConfigUpdater: Using Lollipop+ download directory: /data/user/0/com.google.android.configupdater/files/downloads
09-26 12:44:13.775  5953  5953 D ConfigUpdater: Got DownloadManager service
09-26 12:44:13.775  5953  5953 D ConfigUpdater: Is wearable device: false
09-26 12:44:13.775  5953  5953 D ConfigUpdater: Received intent with action: android.intent.action.DOWNLOAD_COMPLETE
09-26 12:44:13.775  5953  5953 D ConfigUpdater: Handling download completed intent
09-26 12:44:13.775  5953  5953 D ConfigUpdater: Checking content download complete: downloadId=27
09-26 12:44:13.775  5953  5953 D ConfigUpdater: Checking metadata download complete: downloadId= 27
09-26 12:44:13.779 17638 17703 D UiDevice: Searching for node with selector: BySelector [PKG='\Qcom.android.settings\E'].
09-26 12:44:13.804  5953  5953 D ConfigUpdater: UpdateRequestReceiver constructed with Config: com.google.android.configupdater.NetworkWatchlist.NetworkWatchlistConfig@6affad2, StoredState: com.google.android.configupdater.StoredState@7c5f7a3, DownloadManagerHelper: com.google.android.configupdater.DownloadManagerHelper@bd04aa0, FlagHelper: com.google.android.configupdater.PhenotypeHelper@62cb659
09-26 12:44:13.804  5953  5953 D ConfigUpdater: Setting up preferences for StoredState, Downloader, and FlagHelper
09-26 12:44:13.804  5953  5953 D ConfigUpdater: Setting up DownloadManagerHelper
09-26 12:44:13.804  5953  5953 D ConfigUpdater: Loaded SharedPreferences: NetworkWatchlistDownload
09-26 12:44:13.804  5953  5953 D ConfigUpdater: Using Lollipop+ download directory: /data/user/0/com.google.android.configupdater/files/downloads
09-26 12:44:13.804  5953  5953 D ConfigUpdater: Got DownloadManager service
09-26 12:44:13.804  5953  5953 D ConfigUpdater: Is wearable device: false
09-26 12:44:13.804  5953  5953 D ConfigUpdater: Received intent with action: android.intent.action.DOWNLOAD_COMPLETE
09-26 12:44:13.804  5953  5953 D ConfigUpdater: Handling download completed intent
09-26 12:44:13.805  5953  5953 D ConfigUpdater: Checking content download complete: downloadId=27
09-26 12:44:13.805  5953  5953 D ConfigUpdater: Checking metadata download complete: downloadId= 27
09-26 12:44:13.830  5953  5953 D ConfigUpdater: UpdateRequestReceiver constructed with Config: com.google.android.configupdater.ApnDb.ApnDbConfig@8366aff, StoredState: com.google.android.configupdater.StoredState@3ff70cc, DownloadManagerHelper: com.google.android.configupdater.DownloadManagerHelper@1e95f15, FlagHelper: com.google.android.configupdater.GservicesHelper@a94122a
09-26 12:44:13.831  5953  5953 D ConfigUpdater: Setting up preferences for StoredState, Downloader, and FlagHelper
09-26 12:44:13.831  5953  5953 D ConfigUpdater: Setting up DownloadManagerHelper
09-26 12:44:13.831  5953  5953 D ConfigUpdater: Loaded SharedPreferences: ApnDbDownload
09-26 12:44:13.831  5953  5953 D ConfigUpdater: Using Lollipop+ download directory: /data/user/0/com.google.android.configupdater/files/downloads
09-26 12:44:13.831  5953  5953 D ConfigUpdater: Got DownloadManager service
09-26 12:44:13.831  5953  5953 D ConfigUpdater: Is wearable device: false
09-26 12:44:13.831  5953  5953 D ConfigUpdater: Received intent with action: android.intent.action.DOWNLOAD_COMPLETE
09-26 12:44:13.831  5953  5953 D ConfigUpdater: Handling download completed intent
09-26 12:44:13.831  5953  5953 D ConfigUpdater: Checking content download complete: downloadId=27
09-26 12:44:13.831  5953  5953 D ConfigUpdater: Checking metadata download complete: downloadId= 27
09-26 12:44:13.864  5953  5953 D ConfigUpdater: UpdateRequestReceiver constructed with Config: com.google.android.configupdater.CarrierProvisioningUrls.CarrierProvisioningUrlsConfig@18cdb8, StoredState: com.google.android.configupdater.StoredState@d8dd791, DownloadManagerHelper: com.google.android.configupdater.DownloadManagerHelper@83926f6, FlagHelper: com.google.android.configupdater.GservicesHelper@278baf7
09-26 12:44:13.864  5953  5953 D ConfigUpdater: Setting up preferences for StoredState, Downloader, and FlagHelper
09-26 12:44:13.864  5953  5953 D ConfigUpdater: Setting up DownloadManagerHelper
09-26 12:44:13.864  5953  5953 D ConfigUpdater: Loaded SharedPreferences: CarrierProvisioningUrlsDownload
09-26 12:44:13.864  5953  5953 D ConfigUpdater: Using Lollipop+ download directory: /data/user/0/com.google.android.configupdater/files/downloads
09-26 12:44:13.864  5953  5953 D ConfigUpdater: Got DownloadManager service
09-26 12:44:13.864  5953  5953 D ConfigUpdater: Is wearable device: false
09-26 12:44:13.864  5953  5953 D ConfigUpdater: Received intent with action: android.intent.action.DOWNLOAD_COMPLETE
09-26 12:44:13.864  5953  5953 D ConfigUpdater: Handling download completed intent
09-26 12:44:13.864  5953  5953 D ConfigUpdater: Checking content download complete: downloadId=27
09-26 12:44:13.864  5953  5953 D ConfigUpdater: Checking metadata download complete: downloadId= 27
09-26 12:44:13.876  5953  5953 D ConfigUpdater: UpdateRequestReceiver constructed with Config: com.google.android.configupdater.LangId.LangIdConfig@6275bcd, StoredState: com.google.android.configupdater.StoredState@a48bc82, DownloadManagerHelper: com.google.android.configupdater.DownloadManagerHelper@8f40f93, FlagHelper: com.google.android.configupdater.PhenotypeHelper@b5b9bd0
09-26 12:44:13.876  5953  5953 D ConfigUpdater: Setting up preferences for StoredState, Downloader, and FlagHelper
09-26 12:44:13.876  5953  5953 D ConfigUpdater: Setting up DownloadManagerHelper
09-26 12:44:13.876  5953  5953 D ConfigUpdater: Loaded SharedPreferences: LangIdDownload
09-26 12:44:13.877  5953  5953 D ConfigUpdater: Using Lollipop+ download directory: /data/user/0/com.google.android.configupdater/files/downloads
09-26 12:44:13.877  5953  5953 D ConfigUpdater: Got DownloadManager service
09-26 12:44:13.877  5953  5953 D ConfigUpdater: Is wearable device: false
09-26 12:44:13.877  5953  5953 D ConfigUpdater: Received intent with action: android.intent.action.DOWNLOAD_COMPLETE
09-26 12:44:13.877  5953  5953 D ConfigUpdater: Handling download completed intent
09-26 12:44:13.878  5953  5953 D ConfigUpdater: Checking content download complete: downloadId=27
09-26 12:44:13.878  5953  5953 D ConfigUpdater: Checking metadata download complete: downloadId= 27
09-26 12:44:13.886  5953  5953 D ConfigUpdater: UpdateRequestReceiver constructed with Config: com.google.android.configupdater.SmartSelection.SmartSelectionConfig@1ca1ece, StoredState: com.google.android.configupdater.StoredState@9c611ef, DownloadManagerHelper: com.google.android.configupdater.DownloadManagerHelper@a6a4fc, FlagHelper: com.google.android.configupdater.PhenotypeHelper@4213785
09-26 12:44:13.887  5953  5953 D ConfigUpdater: Setting up preferences for StoredState, Downloader, and FlagHelper
09-26 12:44:13.887  5953  5953 D ConfigUpdater: Setting up DownloadManagerHelper
09-26 12:44:13.887  5953  5953 D ConfigUpdater: Loaded SharedPreferences: SmartSelectionDownload
09-26 12:44:13.887  5953  5953 D ConfigUpdater: Using Lollipop+ download directory: /data/user/0/com.google.android.configupdater/files/downloads
09-26 12:44:13.888  5953  5953 D ConfigUpdater: Got DownloadManager service
09-26 12:44:13.888  5953  5953 D ConfigUpdater: Is wearable device: false
09-26 12:44:13.888  5953  5953 D ConfigUpdater: Received intent with action: android.intent.action.DOWNLOAD_COMPLETE
09-26 12:44:13.888  5953  5953 D ConfigUpdater: Handling download completed intent
09-26 12:44:13.888  5953  5953 D ConfigUpdater: Checking content download complete: downloadId=27
09-26 12:44:13.888  5953  5953 D ConfigUpdater: Checking if download was successful for ID: 27
09-26 12:44:13.919  5953  5953 D ConfigUpdater: Download 27 successful: false
09-26 12:44:13.919  5953  5953 D ConfigUpdater: Download was not successful, returning null path.
09-26 12:44:13.919  5953  5953 E ConfigUpdater: Content download complete but local path is null, retrying.
09-26 12:44:13.919  5953  5953 I ConfigUpdater: Download failed, retrying.. in 3600000 ms
09-26 12:44:13.922  5953  5953 D ConfigUpdater: Setting alarm to retry at: 19262132
09-26 12:44:13.931  5953  5953 D ConfigUpdater: UpdateRequestReceiver constructed with Config: com.google.android.configupdater.ConversationActions.ConversationActionsConfig@d0bde0b, StoredState: com.google.android.configupdater.StoredState@33714e8, DownloadManagerHelper: com.google.android.configupdater.DownloadManagerHelper@a42c701, FlagHelper: com.google.android.configupdater.PhenotypeHelper@2d739a6
09-26 12:44:13.932  5953  5953 D ConfigUpdater: Setting up preferences for StoredState, Downloader, and FlagHelper
09-26 12:44:13.932  5953  5953 D ConfigUpdater: Setting up DownloadManagerHelper
09-26 12:44:13.936  5953  5953 D ConfigUpdater: Loaded SharedPreferences: ConversationActionsDownload
09-26 12:44:13.936  5953  5953 D ConfigUpdater: Using Lollipop+ download directory: /data/user/0/com.google.android.configupdater/files/downloads
09-26 12:44:13.936  5953  5953 D ConfigUpdater: Got DownloadManager service
09-26 12:44:13.936  5953  5953 D ConfigUpdater: Is wearable device: false
09-26 12:44:13.936  5953  5953 D ConfigUpdater: Received intent with action: android.intent.action.DOWNLOAD_COMPLETE
09-26 12:44:13.936  5953  5953 D ConfigUpdater: Handling download completed intent
09-26 12:44:13.936  5953  5953 D ConfigUpdater: Checking content download complete: downloadId=27
09-26 12:44:13.936  5953  5953 D ConfigUpdater: Checking metadata download complete: downloadId= 27
09-26 12:44:13.942  5953  5953 D ConfigUpdater: UpdateRequestReceiver constructed with Config: com.google.android.configupdater.CarrierId.CarrierIdConfig@ddc9794, StoredState: com.google.android.configupdater.StoredState@d93d23d, DownloadManagerHelper: com.google.android.configupdater.DownloadManagerHelper@a2d4a32, FlagHelper: com.google.android.configupdater.PhenotypeHelper@6900383
09-26 12:44:13.942  5953  5953 D ConfigUpdater: Setting up preferences for StoredState, Downloader, and FlagHelper
09-26 12:44:13.942  5953  5953 D ConfigUpdater: Setting up DownloadManagerHelper
09-26 12:44:13.942  5953  5953 D ConfigUpdater: Loaded SharedPreferences: CarrierIdDownload
09-26 12:44:13.943  5953  5953 D ConfigUpdater: Using Lollipop+ download directory: /data/user/0/com.google.android.configupdater/files/downloads
09-26 12:44:13.943  5953  5953 D ConfigUpdater: Got DownloadManager service
09-26 12:44:13.943  5953  5953 D ConfigUpdater: Is wearable device: false
09-26 12:44:13.943  5953  5953 D ConfigUpdater: Received intent with action: android.intent.action.DOWNLOAD_COMPLETE
09-26 12:44:13.943  5953  5953 D ConfigUpdater: Handling download completed intent
09-26 12:44:13.943  5953  5953 D ConfigUpdater: Checking content download complete: downloadId=27
09-26 12:44:13.943  5953  5953 D ConfigUpdater: Checking metadata download complete: downloadId= 27
09-26 12:44:13.950  5953  5953 D ConfigUpdater: UpdateRequestReceiver constructed with Config: com.google.android.configupdater.EmergencyNumberDb.EmergencyNumberDbConfig@5f05539, StoredState: com.google.android.configupdater.StoredState@461d77e, DownloadManagerHelper: com.google.android.configupdater.DownloadManagerHelper@6c554df, FlagHelper: com.google.android.configupdater.PhenotypeHelper@55b452c
09-26 12:44:13.952  5953  5953 D ConfigUpdater: Setting up preferences for StoredState, Downloader, and FlagHelper
09-26 12:44:13.952  5953  5953 D ConfigUpdater: Setting up DownloadManagerHelper
09-26 12:44:13.953  5953  5953 D ConfigUpdater: Loaded SharedPreferences: EmergencyNumberDbDownload
09-26 12:44:13.954  5953  5953 D ConfigUpdater: Using Lollipop+ download directory: /data/user/0/com.google.android.configupdater/files/downloads
09-26 12:44:13.954  5953  5953 D ConfigUpdater: Got DownloadManager service
09-26 12:44:13.954  5953  5953 D ConfigUpdater: Is wearable device: false
09-26 12:44:13.954  5953  5953 D ConfigUpdater: Received intent with action: android.intent.action.DOWNLOAD_COMPLETE
09-26 12:44:13.954  5953  5953 D ConfigUpdater: Handling download completed intent
09-26 12:44:13.954  5953  5953 D ConfigUpdater: Checking content download complete: downloadId=27
09-26 12:44:13.954  5953  5953 D ConfigUpdater: Checking metadata download complete: downloadId= 27
09-26 12:44:13.954 17638 17703 D UiDevice: Searching for node with selector: BySelector [PKG='\Qcom.android.settings\E'].
09-26 12:44:13.962  5953  5953 D ConfigUpdater: UpdateRequestReceiver constructed with Config: com.google.android.configupdater.TelephonyConfigUpdate.TelephonyConfigUpdateConfig@bbfed8a, StoredState: com.google.android.configupdater.StoredState@dd45ffb, DownloadManagerHelper: com.google.android.configupdater.DownloadManagerHelper@fcd8818, FlagHelper: com.google.android.configupdater.PhenotypeHelper@48a7271
09-26 12:44:13.962  5953  5953 D ConfigUpdater: Setting up preferences for StoredState, Downloader, and FlagHelper
09-26 12:44:13.962  5953  5953 D ConfigUpdater: Setting up DownloadManagerHelper
09-26 12:44:13.964  5953  5953 D ConfigUpdater: Loaded SharedPreferences: TelephonyConfigUpdateDownload
09-26 12:44:13.964  5953  5953 D ConfigUpdater: Using Lollipop+ download directory: /data/user/0/com.google.android.configupdater/files/downloads
09-26 12:44:13.964  5953  5953 D ConfigUpdater: Got DownloadManager service
09-26 12:44:13.966  5953  5953 D ConfigUpdater: Is wearable device: false
09-26 12:44:13.966  5953  5953 D ConfigUpdater: Received intent with action: android.intent.action.DOWNLOAD_COMPLETE
09-26 12:44:13.966  5953  5953 D ConfigUpdater: Handling download completed intent
09-26 12:44:13.966  5953  5953 D ConfigUpdater: Checking content download complete: downloadId=27
09-26 12:44:13.966  5953  5953 D ConfigUpdater: Checking metadata download complete: downloadId= 27
09-26 12:44:14.097 17638 17703 D UiDevice: Searching for node with selector: BySelector [PKG='\Qcom.android.settings\E'].
09-26 12:44:14.217 17638 17703 D UiDevice: Searching for node with selector: BySelector [PKG='\Qcom.android.settings\E'].
09-26 12:44:14.340 17638 17703 D UiDevice: Searching for node with selector: BySelector [PKG='\Qcom.android.settings\E'].
09-26 12:44:14.462 17638 17703 D UiDevice: Searching for node with selector: BySelector [PKG='\Qcom.android.settings\E'].
09-26 12:44:14.584  1588  1896 D SatelliteController: iisInCarrierRoamingNbIotNtn: satellite is disabled
09-26 12:44:14.594 17638 17703 D UiDevice: Searching for node with selector: BySelector [PKG='\Qcom.android.settings\E'].
09-26 12:44:14.728 17638 17703 D UiDevice: Searching for node with selector: BySelector [PKG='\Qcom.android.settings\E'].
09-26 12:44:14.855 17638 17703 D UiDevice: Searching for node with selector: BySelector [PKG='\Qcom.android.settings\E'].
09-26 12:44:14.981 17638 17703 D UiDevice: Searching for node with selector: BySelector [PKG='\Qcom.android.settings\E'].
09-26 12:44:15.101 17638 17703 D UiDevice: Searching for node with selector: BySelector [PKG='\Qcom.android.settings\E'].
09-26 12:44:15.222 17638 17703 D UiDevice: Searching for node with selector: BySelector [PKG='\Qcom.android.settings\E'].
09-26 12:44:15.350 17638 17703 D UiDevice: Searching for node with selector: BySelector [PKG='\Qcom.android.settings\E'].
09-26 12:44:15.469 17638 17703 D UiDevice: Searching for node with selector: BySelector [PKG='\Qcom.android.settings\E'].
09-26 12:44:15.593 17638 17703 D UiDevice: Searching for node with selector: BySelector [PKG='\Qcom.android.settings\E'].
09-26 12:44:15.733 17638 17703 D UiDevice: Searching for node with selector: BySelector [PKG='\Qcom.android.settings\E'].
09-26 12:44:15.878 17638 17703 D UiDevice: Searching for node with selector: BySelector [PKG='\Qcom.android.settings\E'].
09-26 12:44:15.907   857  1309 D InetDiagMessage: Destroyed 0 sockets, proto=IPPROTO_TCP, family=AF_INET, states=14
09-26 12:44:15.908   857  1309 D InetDiagMessage: Destroyed 0 sockets, proto=IPPROTO_TCP, family=AF_INET6, states=14
09-26 12:44:15.909   857  1309 D InetDiagMessage: Destroyed live tcp sockets for uids={10169} in 2ms
09-26 12:44:15.996 17638 17703 D UiDevice: Searching for node with selector: BySelector [PKG='\Qcom.android.settings\E'].
09-26 12:44:16.135 17638 17703 D UiDevice: Searching for node with selector: BySelector [PKG='\Qcom.android.settings\E'].
09-26 12:44:16.265 17638 17703 D UiDevice: Searching for node with selector: BySelector [PKG='\Qcom.android.settings\E'].
09-26 12:44:16.279  9726  9814 E GoogleRestoreTraceManagerImpl: Trace Create gRPC Service Impl com.google.android.libraries.restore.backup.photos.apiservice.PhotosBackupApiService timed out after 14965946 ms. Complete trace: # ipf@dc67018c
09-26 12:44:16.279  9726  9814 E GoogleRestoreTraceManagerImpl: ipk:
09-26 12:44:16.279  9726  9814 E GoogleRestoreTraceManagerImpl: 	at tk_trace.Create gRPC Service Impl com.google.android.libraries.restore.backup.photos.apiservice.PhotosBackupApiService(Started After:0)
09-26 12:44:16.320   706   722 I BpBinder: onLastStrongRef automatically unlinking death recipients:
09-26 12:44:16.329 17638 17703 D UiDevice: Waiting 5000ms for SearchCondition[hasObject=BySelector [PKG='\Qcom.android.settings\E']].
09-26 12:44:16.329 17638 17703 D UiDevice: Searching for node with selector: BySelector [PKG='\Qcom.android.settings\E'].
09-26 12:44:16.336  4192  4192 W SplitSelectStateCtor: Missing session instanceIds
09-26 12:44:16.349  4192  4192 D StatsLog: LAUNCHER_SPLIT_SELECTION_EXIT_INTERRUPTED
09-26 12:44:16.477   706   706 I BpBinder: onLastStrongRef automatically unlinking death recipients:
09-26 12:44:16.549  1410  1561 V SnapshotDrawerUtils: Drawing snapshot surface sizeMismatch=true
09-26 12:44:16.582   857   883 W IPCThreadState: Sending oneway calls to frozen process.
09-26 12:44:16.582   857   883 W IPCThreadState: Sending oneway calls to frozen process.
09-26 12:44:16.582   857   883 W IPCThreadState: Sending oneway calls to frozen process.
09-26 12:44:16.583   857   883 W IPCThreadState: Sending oneway calls to frozen process.
09-26 12:44:16.583   857   883 W IPCThreadState: Sending oneway calls to frozen process.
09-26 12:44:16.583   857   883 W IPCThreadState: Sending oneway calls to frozen process.
09-26 12:44:16.583   857   883 W IPCThreadState: Sending oneway calls to frozen process.
09-26 12:44:16.584   857   883 W IPCThreadState: Sending oneway calls to frozen process.
09-26 12:44:16.584   857   883 W IPCThreadState: Sending oneway calls to frozen process.
09-26 12:44:16.589  7274  7274 D ViewRootImpl: Skipping stats log for color mode
09-26 12:44:16.748 17638 17703 D UiDevice: Searching for node with selector: BySelector [PKG='\Qcom.android.settings\E'].
09-26 12:44:16.894  6497  7686 I .gms.persistent: AssetManager2(0x7525e0c72818) locale list changing from [] to [en-US]
09-26 12:44:17.027  7274  7274 I GoogleSettingsChimeraAc: observer not started yet [CONTEXT service_id=349 ]
09-26 12:44:17.038  7274  7274 I GoogleSettingsChimeraAc: starting observer [CONTEXT service_id=349 ]
09-26 12:44:17.062  7274  7274 I GoogleSettingsChimeraAc: started visibility updater [CONTEXT service_id=349 ]
09-26 12:44:17.152  7274  7274 I Choreographer: Skipped 33 frames!  The application may be doing too much work on its main thread.
09-26 12:44:17.289  9726  9737 V ClearcutMetricXmitter: Transmission is done.
09-26 12:44:17.291  9726  9737 V ClearcutMetricXmitter: Transmission is done.
09-26 12:44:17.475   857  1386 W HWUI    : Image decoding logging dropped!
09-26 12:44:17.922  4192  4192 I Choreographer: Skipped 44 frames!  The application may be doing too much work on its main thread.
09-26 12:44:18.039 17638 17703 W ByMatcher: Node returned null child: android.view.accessibility.AccessibilityNodeInfo@80006ec0; boundsInParent: Rect(0, 0 - 1080, 2400); boundsInScreen: Rect(0, 0 - 1080, 2400); boundsInWindow: Rect(0, 0 - 1080, 2400); packageName: com.google.android.apps.nexuslauncher; className: android.widget.FrameLayout; text: null; error: null; maxTextLength: -1; stateDescription: null; contentDescription: null; tooltipText: null; containerTitle: null; viewIdResName: null; uniqueId: null; checkable: false; checked: false; focusable: false; focused: false; selected: false; clickable: false; longClickable: false; contextClickable: false; enabled: true; password: false; scrollable: false; granularScrollingSupported: false; importantForAccessibility: true; visible: true; actions: [AccessibilityAction: ACTION_SELECT - null, AccessibilityAction: ACTION_CLEAR_SELECTION - null, AccessibilityAction: ACTION_ACCESSIBILITY_FOCUS - null, AccessibilityAction: ACTION_SHOW_ON_SCREEN - null]; isTextSelectable: false
09-26 12:44:18.039 17638 17703 W ByMatcher: Skipping null child (0 of 1)
09-26 12:44:18.066 17638 17703 W ByMatcher: Node returned null child: android.view.accessibility.AccessibilityNodeInfo@80006ec0; boundsInParent: Rect(0, 0 - 1080, 2400); boundsInScreen: Rect(0, 0 - 1080, 2400); boundsInWindow: Rect(0, 0 - 1080, 2400); packageName: com.google.android.apps.nexuslauncher; className: android.widget.FrameLayout; text: null; error: null; maxTextLength: -1; stateDescription: null; contentDescription: null; tooltipText: null; containerTitle: null; viewIdResName: null; uniqueId: null; checkable: false; checked: false; focusable: false; focused: false; selected: false; clickable: false; longClickable: false; contextClickable: false; enabled: true; password: false; scrollable: false; granularScrollingSupported: false; importantForAccessibility: true; visible: true; actions: [AccessibilityAction: ACTION_SELECT - null, AccessibilityAction: ACTION_CLEAR_SELECTION - null, AccessibilityAction: ACTION_ACCESSIBILITY_FOCUS - null, AccessibilityAction: ACTION_SHOW_ON_SCREEN - null]; isTextSelectable: false
09-26 12:44:18.066 17638 17703 W ByMatcher: Skipping null child (0 of 1)
09-26 12:44:18.067   857  7054 W HWUI    : Failed to choose config with EGL_SWAP_BEHAVIOR_PRESERVED, retrying without...
09-26 12:44:18.067   857  7054 W HWUI    : Failed to initialize 101010-2 format, error = EGL_SUCCESS
09-26 12:44:18.183  4192  4192 D VRI[NexusLauncherActivity]: visibilityChanged oldVisibility=true newVisibility=false
09-26 12:44:18.194  4192  4192 D NexusLauncherModelDelegate: notifySmartspaceEvent: SmartspaceTargetEvent{mSmartspaceTarget=null, mSmartspaceActionId='null', mEventType=7}
09-26 12:44:18.393  7274  8067 E SurfaceSyncGroup: Failed to receive transaction ready in 1000ms. Marking SurfaceSyncGroup(wmsSync-VRI[GoogleSettingsActivity]#12) as ready
09-26 12:44:18.424  4711  4711 W AiAiVC  : Unexpected capture event type: 11
09-26 12:44:18.434   857   888 W IPCThreadState: Sending oneway calls to frozen process.
09-26 12:44:18.440  7274  7274 I Choreographer: Skipped 66 frames!  The application may be doing too much work on its main thread.
09-26 12:44:18.569  1410  1410 I Choreographer: Skipped 66 frames!  The application may be doing too much work on its main thread.
09-26 12:44:18.679  7274 17625 I FSAPI   : (REDACTED) Starting sending%srequest for %s (timeout=%dms)...
09-26 12:44:18.682  7274 17735 I FSAPI   : (REDACTED) Starting sending%srequest for %s (timeout=%dms)...
09-26 12:44:18.684  7274  8058 I FSAPI   : (REDACTED) Starting sending%srequest for %s (timeout=%dms)...
09-26 12:44:18.688  7274 17624 I FSAPI   : (REDACTED) Starting sending%srequest for %s (timeout=%dms)...
09-26 12:44:18.690  7274  9553 I FSAPI   : (REDACTED) Starting sending%srequest for %s (timeout=%dms)...
09-26 12:44:18.715  7274 17734 I FSAPI   : (REDACTED) Starting sending%srequest for %s (timeout=%dms)...
09-26 12:44:18.780  6497  6564 I Multidevice: (REDACTED) [FeatureSettingsApiService] onGetService called from: %s
09-26 12:44:18.786  6497  6564 I Multidevice: [FeatureSettingsApiService] Created API Stub. [CONTEXT service_id=348 ]
09-26 12:44:18.792  8671 17629 I Multidevice: [CrossDeviceServicesFeatureStatusIntentOperation] providing fetcher [CONTEXT service_id=348 ]
09-26 12:44:18.797  6497 17701 I Multidevice: (REDACTED) [FeatureSettingsApiService] getXdFeatureStatus( %s ): %s
09-26 12:44:18.813  6497 17701 I Multidevice: (REDACTED) [FeatureSettingsApiService] getXdFeatureStatus( %s ): %s
09-26 12:44:18.820  8671 17736 I FSAPI   : (REDACTED) %s completed request (took %d ms): %s
09-26 12:44:18.833  8671 17737 I FSAPI   : (REDACTED) %s completed request (took %d ms): %s
09-26 12:44:18.867  8671 17739 I FSAPI   : (REDACTED) %s completed request (took %d ms): %s
09-26 12:44:18.887  6497  6564 I NearbySharing: A new client has bound to the NearbySharingService ClientBridge for calling package com.google.android.gms and PID 8671
09-26 12:44:18.894  6497  7686 I NearbySharing: There is no account metadata, return default instance.
09-26 12:44:18.898  6497  7686 I NearbySharing: There is no account metadata, return default instance.
09-26 12:44:18.903  6497  7686 I NearbySharing: There is no account metadata, return default instance.
09-26 12:44:18.903  9726  9792 I GoogleRestorePhotosBackupApiServiceImpl: called getPhotosBackupSettings
09-26 12:44:18.915  9726 17656 I GoogleRestoreServiceConnectionManager: Binding to #Intent;action=com.google.android.apps.photos.backup.apiservice.PHOTOS_BACKUP_SERVICE;package=com.google.android.apps.photos;end
09-26 12:44:18.935  7274 13279 I HWUI    : Davey! duration=1837ms; Flags=1, FrameTimelineVsyncId=248282, IntendedVsync=15664804188214, Vsync=15665354188192, InputEventId=0, HandleInputStart=15665366149000, AnimationStart=15665366800100, PerformTraversalsStart=15665525582800, DrawStart=15666005950400, FrameDeadline=15664820854880, FrameStartTime=15665363453600, FrameInterval=16666666, WorkloadTarget=16666666, SyncQueued=15666039551700, SyncStart=15666154718200, IssueDrawCommandsStart=15666155031800, SwapBuffers=15666191861200, FrameCompleted=15666756657300, DequeueBufferDuration=29500, QueueBufferDuration=428700, GpuCompleted=15666756657300, SwapBuffersCompleted=15666594748300, DisplayPresentTime=0, CommandSubmissionCompleted=15666191861200,
09-26 12:44:18.936  8671 12353 W FSAPI   : Failed to get feature status for NEARBY_SHARING. [CONTEXT service_id=329 ]
09-26 12:44:18.936  8671 12353 W FSAPI   : axxl: 35505:
09-26 12:44:18.936  8671 12353 W FSAPI   : 	at dacs.a(:com.google.android.gms@252635038@25.26.35 (260800-783060121):8)
09-26 12:44:18.936  8671 12353 W FSAPI   : 	at dacs.fy(:com.google.android.gms@252635038@25.26.35 (260800-783060121):16)
09-26 12:44:18.936  8671 12353 W FSAPI   : 	at uza.onTransact(:com.google.android.gms@252635038@25.26.35 (260800-783060121):75)
09-26 12:44:18.936  8671 12353 W FSAPI   : 	at android.os.Binder.execTransactInternal(Binder.java:1426)
09-26 12:44:18.936  8671 12353 W FSAPI   : 	at android.os.Binder.execTransact(Binder.java:1365)
09-26 12:44:18.937  8671 17740 I FSAPI   : (REDACTED) %s completed request (took %d ms): %s
09-26 12:44:18.970   857  1055 I ImeTracker: com.google.android.gms:85c667a8: onRequestHide at ORIGIN_SERVER reason HIDE_UNSPECIFIED_WINDOW fromUser false
09-26 12:44:18.974  7274  7274 D InsetsController: hide(ime(), fromIme=false)
09-26 12:44:18.974  7274  7274 I ImeTracker: com.google.android.gms:85c667a8: onCancelled at PHASE_CLIENT_ALREADY_HIDDEN
09-26 12:44:19.012   857  1293 I ImeTracker: system_server:3f2c7350: onRequestHide at ORIGIN_SERVER reason IME_REQUESTED_CHANGED_LISTENER fromUser false
09-26 12:44:19.012  4386  4386 I GoogleInputMethodService: GoogleInputMethodService.onFinishInput():2043
09-26 12:44:19.024   857   883 I ImeTracker: system_server:3f2c7350: onCancelled at PHASE_SERVER_SHOULD_HIDE
09-26 12:44:19.047   857   888 W IPCThreadState: Sending oneway calls to frozen process.
09-26 12:44:19.054   857  1309 D InetDiagMessage: Destroyed 0 sockets, proto=IPPROTO_TCP, family=AF_INET, states=14
09-26 12:44:19.055   857  1309 D InetDiagMessage: Destroyed 0 sockets, proto=IPPROTO_TCP, family=AF_INET6, states=14
09-26 12:44:19.055   857  1309 D InetDiagMessage: Destroyed live tcp sockets for uids={10131} in 1ms
09-26 12:44:19.055   857  1309 D InetDiagMessage: Destroyed 0 sockets, proto=IPPROTO_TCP, family=AF_INET, states=14
09-26 12:44:19.056   857  1309 D InetDiagMessage: Destroyed 0 sockets, proto=IPPROTO_TCP, family=AF_INET6, states=14
09-26 12:44:19.057   857  1309 D InetDiagMessage: Destroyed live tcp sockets for uids={20131} in 2ms
09-26 12:44:19.064  8671 17629 I Pay     : Unable to create Wallet contextual card: missing account [CONTEXT service_id=198 ]
09-26 12:44:19.068  8671 17736 I FSAPI   : (REDACTED) %s completed request (took %d ms): %s
09-26 12:44:19.115  9726  9726 I GoogleRestoreServiceConnectionManager: onServiceConnected: ComponentInfo{com.google.android.apps.photos/com.google.android.apps.photos.backup.apiservice.PhotosBackupApiService}
09-26 12:44:19.135  4386  4386 I Module  : DeviceLockedStatusModuleProvider$Module.updateDeviceLockedStatus():100 repeatCheckTimes = 0, locked = false
